
=== Run started 2026-09-20T08:54:41-07:00 ===
Log file: C:\Users\bdavi\OneDrive\Documents\a.python\registration-stats\getdata/get_pa_reg_files.log

Querying captures from 2016 onward for:
  http://www.dos.pa.gov/VotingElections/OtherServicesEvents/VotingElectionStatistics/Documents/currentvotestats.xls
  Request failed; retrying in 2 seconds...
Found 94 daily captures.
[1/94] 20160817202727: downloading...
  Request failed; retrying in 2 seconds...
  Saved C:\Users\bdavi\OneDrive\Documents\a.python\registration-stats\getdata\input\PA\reg\160815_currentvotestats.xls
[2/94] 20161023053009: downloading...
  Saved C:\Users\bdavi\OneDrive\Documents\a.python\registration-stats\getdata\input\PA\reg\161017_currentvotestats.xls
[3/94] 20161223000125: downloading...
  Saved C:\Users\bdavi\OneDrive\Documents\a.python\registration-stats\getdata\input\PA\reg\161212_currentvotestats.xls
[4/94] 20161224094756: downloading...
  Request failed; retrying in 2 seconds...
  Existing file preserved as dup1_161212_currentvotestats.xls
  Saved C:\Users\bdavi\OneDrive\Documents\a.python\registration-stats\getdata\input\PA\reg\161212_currentvotestats.xls
[5/94] 20161227184523: downloading...
  Existing file preserved as dup2_161212_currentvotestats.xls
  Saved C:\Users\bdavi\OneDrive\Documents\a.python\registration-stats\getdata\input\PA\reg\161212_currentvotestats.xls
[6/94] 20180613201242: downloading...
  Saved C:\Users\bdavi\OneDrive\Documents\a.python\registration-stats\getdata\input\PA\reg\180611_currentvotestats.xls
[7/94] 20191217201617: downloading...
  Saved C:\Users\bdavi\OneDrive\Documents\a.python\registration-stats\getdata\input\PA\reg\191209_currentvotestats.xls
[8/94] 20200411021457: downloading...
  Saved C:\Users\bdavi\OneDrive\Documents\a.python\registration-stats\getdata\input\PA\reg\200526_currentvotestats.xls
[9/94] 20200601025250: downloading...
  Existing file preserved as dup1_200526_currentvotestats.xls
  Saved C:\Users\bdavi\OneDrive\Documents\a.python\registration-stats\getdata\input\PA\reg\200526_currentvotestats.xls
[10/94] 20200807145323: downloading...
  Saved C:\Users\bdavi\OneDrive\Documents\a.python\registration-stats\getdata\input\PA\reg\200803_currentvotestats.xls
[11/94] 20200809132016: downloading...
  Existing file preserved as dup1_200803_currentvotestats.xls
  Saved C:\Users\bdavi\OneDrive\Documents\a.python\registration-stats\getdata\input\PA\reg\200803_currentvotestats.xls
[12/94] 20200918063725: downloading...
  Saved C:\Users\bdavi\OneDrive\Documents\a.python\registration-stats\getdata\input\PA\reg\200907_currentvotestats.xls
[13/94] 20201116215010: downloading...
  Saved C:\Users\bdavi\OneDrive\Documents\a.python\registration-stats\getdata\input\PA\reg\201116_currentvotestats.xls
[14/94] 20201230181953: downloading...
  Saved C:\Users\bdavi\OneDrive\Documents\a.python\registration-stats\getdata\input\PA\reg\201228_currentvotestats.xls
[15/94] 20210222023231: downloading...
  Saved C:\Users\bdavi\OneDrive\Documents\a.python\registration-stats\getdata\input\PA\reg\210216_currentvotestats.xls
[16/94] 20210414191456: downloading...
  Saved C:\Users\bdavi\OneDrive\Documents\a.python\registration-stats\getdata\input\PA\reg\210412_currentvotestats.xls
[17/94] 20210813063319: downloading...
  Saved C:\Users\bdavi\OneDrive\Documents\a.python\registration-stats\getdata\input\PA\reg\210809_currentvotestats.xls
[18/94] 20211016101957: downloading...
  Saved C:\Users\bdavi\OneDrive\Documents\a.python\registration-stats\getdata\input\PA\reg\211004_currentvotestats.xls
[19/94] 20211102150439: downloading...
  Saved C:\Users\bdavi\OneDrive\Documents\a.python\registration-stats\getdata\input\PA\reg\211101_currentvotestats.xls
[20/94] 20211115092040: downloading...
  Request failed; retrying in 2 seconds...
  Saved C:\Users\bdavi\OneDrive\Documents\a.python\registration-stats\getdata\input\PA\reg\211108_currentvotestats.xls
[21/94] 20211118055802: downloading...
  Saved C:\Users\bdavi\OneDrive\Documents\a.python\registration-stats\getdata\input\PA\reg\211115_currentvotestats.xls
[22/94] 20211216113151: downloading...
  Saved C:\Users\bdavi\OneDrive\Documents\a.python\registration-stats\getdata\input\PA\reg\211213_currentvotestats.xls
[23/94] 20220128173121: downloading...
  Saved C:\Users\bdavi\OneDrive\Documents\a.python\registration-stats\getdata\input\PA\reg\220207_currentvotestats.xls
[24/94] 20220209155113: downloading...
  Request failed; retrying in 2 seconds...
  Existing file preserved as dup1_220207_currentvotestats.xls
  Saved C:\Users\bdavi\OneDrive\Documents\a.python\registration-stats\getdata\input\PA\reg\220207_currentvotestats.xls
[25/94] 20220222214027: downloading...
  Saved C:\Users\bdavi\OneDrive\Documents\a.python\registration-stats\getdata\input\PA\reg\220221_currentvotestats.xls
[26/94] 20220310165912: downloading...
  Saved C:\Users\bdavi\OneDrive\Documents\a.python\registration-stats\getdata\input\PA\reg\220307_currentvotestats.xls
[27/94] 20220405162925: downloading...
  Saved C:\Users\bdavi\OneDrive\Documents\a.python\registration-stats\getdata\input\PA\reg\220404_currentvotestats.xls
[28/94] 20220409184857: downloading...
  Request failed; retrying in 2 seconds...
  Existing file preserved as dup1_220404_currentvotestats.xls
  Saved C:\Users\bdavi\OneDrive\Documents\a.python\registration-stats\getdata\input\PA\reg\220404_currentvotestats.xls
[29/94] 20220423152044: downloading...
  Saved C:\Users\bdavi\OneDrive\Documents\a.python\registration-stats\getdata\input\PA\reg\220418_currentvotestats.xls
[30/94] 20220428221550: downloading...
  Existing file preserved as dup1_220418_currentvotestats.xls
  Saved C:\Users\bdavi\OneDrive\Documents\a.python\registration-stats\getdata\input\PA\reg\220418_currentvotestats.xls
[31/94] 20220430211705: downloading...
  Request failed; retrying in 2 seconds...
  Existing file preserved as dup2_220418_currentvotestats.xls
  Saved C:\Users\bdavi\OneDrive\Documents\a.python\registration-stats\getdata\input\PA\reg\220418_currentvotestats.xls
[32/94] 20220503141609: downloading...
  Request failed; retrying in 2 seconds...
  Request failed; retrying in 4 seconds...
  Request failed; retrying in 8 seconds...
  Existing file preserved as dup3_220418_currentvotestats.xls
  Saved C:\Users\bdavi\OneDrive\Documents\a.python\registration-stats\getdata\input\PA\reg\220418_currentvotestats.xls
[33/94] 20220508081253: downloading...
  Request failed; retrying in 2 seconds...
  Request failed; retrying in 4 seconds...
  Saved C:\Users\bdavi\OneDrive\Documents\a.python\registration-stats\getdata\input\PA\reg\220502_currentvotestats.xls
[34/94] 20220510061526: downloading...
  Request failed; retrying in 2 seconds...
  Existing file preserved as dup1_220502_currentvotestats.xls
  Saved C:\Users\bdavi\OneDrive\Documents\a.python\registration-stats\getdata\input\PA\reg\220502_currentvotestats.xls
[35/94] 20220527221515: downloading...
  Request failed; retrying in 2 seconds...
  Request failed; retrying in 4 seconds...
  Saved C:\Users\bdavi\OneDrive\Documents\a.python\registration-stats\getdata\input\PA\reg\220523_currentvotestats.xls
[36/94] 20220601221824: downloading...
  Request failed; retrying in 2 seconds...
  Request failed; retrying in 4 seconds...
  Request failed; retrying in 8 seconds...
  Request failed; retrying in 16 seconds...
  Saved C:\Users\bdavi\OneDrive\Documents\a.python\registration-stats\getdata\input\PA\reg\220531_currentvotestats.xls
[37/94] 20220603164629: downloading...
  Existing file preserved as dup1_220531_currentvotestats.xls
  Saved C:\Users\bdavi\OneDrive\Documents\a.python\registration-stats\getdata\input\PA\reg\220531_currentvotestats.xls
[38/94] 20220606041618: downloading...
  Existing file preserved as dup2_220531_currentvotestats.xls
  Saved C:\Users\bdavi\OneDrive\Documents\a.python\registration-stats\getdata\input\PA\reg\220531_currentvotestats.xls
[39/94] 20220614141502: downloading...
  Saved C:\Users\bdavi\OneDrive\Documents\a.python\registration-stats\getdata\input\PA\reg\220613_currentvotestats.xls
[40/94] 20220620111507: downloading...
  Existing file preserved as dup1_220613_currentvotestats.xls
  Saved C:\Users\bdavi\OneDrive\Documents\a.python\registration-stats\getdata\input\PA\reg\220613_currentvotestats.xls
[41/94] 20220702081809: downloading...
  Saved C:\Users\bdavi\OneDrive\Documents\a.python\registration-stats\getdata\input\PA\reg\220627_currentvotestats.xls
[42/94] 20220805161410: downloading...
  Request failed; retrying in 2 seconds...
  Saved C:\Users\bdavi\OneDrive\Documents\a.python\registration-stats\getdata\input\PA\reg\220808_currentvotestats.xls
[43/94] 20220813071506: downloading...
  Request failed; retrying in 2 seconds...
  Request failed; retrying in 4 seconds...
  Existing file preserved as dup1_220808_currentvotestats.xls
  Saved C:\Users\bdavi\OneDrive\Documents\a.python\registration-stats\getdata\input\PA\reg\220808_currentvotestats.xls
[44/94] 20220907221508: downloading...
  Request failed; retrying in 2 seconds...
  Saved C:\Users\bdavi\OneDrive\Documents\a.python\registration-stats\getdata\input\PA\reg\220906_currentvotestats.xls
[45/94] 20221004001433: downloading...
  Request failed; retrying in 2 seconds...
  Saved C:\Users\bdavi\OneDrive\Documents\a.python\registration-stats\getdata\input\PA\reg\221003_currentvotestats.xls
[46/94] 20221019135826: downloading...
  Existing file preserved as dup1_221003_currentvotestats.xls
  Saved C:\Users\bdavi\OneDrive\Documents\a.python\registration-stats\getdata\input\PA\reg\221003_currentvotestats.xls
[47/94] 20221105205650: downloading...
  Saved C:\Users\bdavi\OneDrive\Documents\a.python\registration-stats\getdata\input\PA\reg\221031_currentvotestats.xls
[48/94] 20221106091628: downloading...
  Request failed; retrying in 2 seconds...
  Request failed; retrying in 4 seconds...
  Request failed; retrying in 8 seconds...
  Existing file preserved as dup1_221031_currentvotestats.xls
  Saved C:\Users\bdavi\OneDrive\Documents\a.python\registration-stats\getdata\input\PA\reg\221031_currentvotestats.xls
[49/94] 20221107232816: downloading...
  Saved C:\Users\bdavi\OneDrive\Documents\a.python\registration-stats\getdata\input\PA\reg\221107_currentvotestats.xls
[50/94] 20221108191306: downloading...
  Request failed; retrying in 2 seconds...
  Existing file preserved as dup1_221107_currentvotestats.xls
  Saved C:\Users\bdavi\OneDrive\Documents\a.python\registration-stats\getdata\input\PA\reg\221107_currentvotestats.xls
[51/94] 20221109081422: downloading...
  Existing file preserved as dup2_221107_currentvotestats.xls
  Saved C:\Users\bdavi\OneDrive\Documents\a.python\registration-stats\getdata\input\PA\reg\221107_currentvotestats.xls
[52/94] 20221110100820: downloading...
  Existing file preserved as dup3_221107_currentvotestats.xls
  Saved C:\Users\bdavi\OneDrive\Documents\a.python\registration-stats\getdata\input\PA\reg\221107_currentvotestats.xls
[53/94] 20221112152336: downloading...
  Existing file preserved as dup4_221107_currentvotestats.xls
  Saved C:\Users\bdavi\OneDrive\Documents\a.python\registration-stats\getdata\input\PA\reg\221107_currentvotestats.xls
[54/94] 20221125131812: downloading...
  Saved C:\Users\bdavi\OneDrive\Documents\a.python\registration-stats\getdata\input\PA\reg\221114_currentvotestats.xls
[55/94] 20221129011844: downloading...
  Saved C:\Users\bdavi\OneDrive\Documents\a.python\registration-stats\getdata\input\PA\reg\221128_currentvotestats.xls
[56/94] 20221211040326: downloading...
  Request failed; retrying in 2 seconds...
  Saved C:\Users\bdavi\OneDrive\Documents\a.python\registration-stats\getdata\input\PA\reg\221205_currentvotestats.xls
[57/94] 20221213081511: downloading...
  Saved C:\Users\bdavi\OneDrive\Documents\a.python\registration-stats\getdata\input\PA\reg\221212_currentvotestats.xls
[58/94] 20221226081448: downloading...
  Request failed; retrying in 2 seconds...
  Saved C:\Users\bdavi\OneDrive\Documents\a.python\registration-stats\getdata\input\PA\reg\221219_currentvotestats.xls
[59/94] 20221227191508: downloading...
  Saved C:\Users\bdavi\OneDrive\Documents\a.python\registration-stats\getdata\input\PA\reg\221227_currentvotestats.xls
[60/94] 20230111175348: downloading...
  Saved C:\Users\bdavi\OneDrive\Documents\a.python\registration-stats\getdata\input\PA\reg\230109_currentvotestats.xls
[61/94] 20230115031737: downloading...
  Existing file preserved as dup1_230109_currentvotestats.xls
  Saved C:\Users\bdavi\OneDrive\Documents\a.python\registration-stats\getdata\input\PA\reg\230109_currentvotestats.xls
[62/94] 20230122211712: downloading...
  Saved C:\Users\bdavi\OneDrive\Documents\a.python\registration-stats\getdata\input\PA\reg\230117_currentvotestats.xls
[63/94] 20230128021615: downloading...
  Saved C:\Users\bdavi\OneDrive\Documents\a.python\registration-stats\getdata\input\PA\reg\230123_currentvotestats.xls
[64/94] 20230202144546: downloading...
  Saved C:\Users\bdavi\OneDrive\Documents\a.python\registration-stats\getdata\input\PA\reg\230130_currentvotestats.xls
[65/94] 20230209231727: downloading...
  Saved C:\Users\bdavi\OneDrive\Documents\a.python\registration-stats\getdata\input\PA\reg\230206_currentvotestats.xls
[66/94] 20230213100635: downloading...
  Existing file preserved as dup1_230206_currentvotestats.xls
  Saved C:\Users\bdavi\OneDrive\Documents\a.python\registration-stats\getdata\input\PA\reg\230206_currentvotestats.xls
[67/94] 20230220212429: downloading...
  Request failed; retrying in 2 seconds...
  Saved C:\Users\bdavi\OneDrive\Documents\a.python\registration-stats\getdata\input\PA\reg\230213_currentvotestats.xls
[68/94] 20230226182253: downloading...
  Saved C:\Users\bdavi\OneDrive\Documents\a.python\registration-stats\getdata\input\PA\reg\230220_currentvotestats.xls
[69/94] 20230228155914: downloading...
  Request failed; retrying in 2 seconds...
  Request failed; retrying in 4 seconds...
  Saved C:\Users\bdavi\OneDrive\Documents\a.python\registration-stats\getdata\input\PA\reg\230227_currentvotestats.xls
[70/94] 20230303072747: downloading...
  Request failed; retrying in 2 seconds...
  Existing file preserved as dup1_230227_currentvotestats.xls
  Saved C:\Users\bdavi\OneDrive\Documents\a.python\registration-stats\getdata\input\PA\reg\230227_currentvotestats.xls
[71/94] 20230312222429: downloading...
  Request failed; retrying in 2 seconds...
  Saved C:\Users\bdavi\OneDrive\Documents\a.python\registration-stats\getdata\input\PA\reg\230306_currentvotestats.xls
[72/94] 20230313163106: downloading...
  Saved C:\Users\bdavi\OneDrive\Documents\a.python\registration-stats\getdata\input\PA\reg\230313_currentvotestats.xls
[73/94] 20230316172538: downloading...
  Request failed; retrying in 2 seconds...
  Request failed; retrying in 4 seconds...
  Existing file preserved as dup1_230313_currentvotestats.xls
  Saved C:\Users\bdavi\OneDrive\Documents\a.python\registration-stats\getdata\input\PA\reg\230313_currentvotestats.xls
[74/94] 20230404165409: downloading...
  Saved C:\Users\bdavi\OneDrive\Documents\a.python\registration-stats\getdata\input\PA\reg\230403_currentvotestats.xls
[75/94] 20230412021518: downloading...
  Saved C:\Users\bdavi\OneDrive\Documents\a.python\registration-stats\getdata\input\PA\reg\230410_currentvotestats.xls
[76/94] 20230513153929: downloading...
  Request failed; retrying in 2 seconds...
  Request failed; retrying in 4 seconds...
  Saved C:\Users\bdavi\OneDrive\Documents\a.python\registration-stats\getdata\input\PA\reg\230508_currentvotestats.xls
[77/94] 20230604202216: downloading...
  Saved C:\Users\bdavi\OneDrive\Documents\a.python\registration-stats\getdata\input\PA\reg\230530_currentvotestats.xls
[78/94] 20230608132210: downloading...
  Request failed; retrying in 2 seconds...
  Request failed; retrying in 4 seconds...
  Request failed; retrying in 8 seconds...
  Request failed; retrying in 16 seconds...
  Saved C:\Users\bdavi\OneDrive\Documents\a.python\registration-stats\getdata\input\PA\reg\230604_currentvotestats.xls
[79/94] 20230711122131: downloading...
  Request failed; retrying in 2 seconds...
  Request failed; retrying in 4 seconds...
  Request failed; retrying in 8 seconds...
  Saved C:\Users\bdavi\OneDrive\Documents\a.python\registration-stats\getdata\input\PA\reg\230710_currentvotestats.xls
[80/94] 20230713122445: downloading...
  Request failed; retrying in 2 seconds...
  Existing file preserved as dup1_230710_currentvotestats.xls
  Saved C:\Users\bdavi\OneDrive\Documents\a.python\registration-stats\getdata\input\PA\reg\230710_currentvotestats.xls
[81/94] 20230720142510: downloading...
  Request failed; retrying in 2 seconds...
  Request failed; retrying in 4 seconds...
  Saved C:\Users\bdavi\OneDrive\Documents\a.python\registration-stats\getdata\input\PA\reg\230717_currentvotestats.xls
[82/94] 20230731022352: downloading...
  Request failed; retrying in 2 seconds...
  Saved C:\Users\bdavi\OneDrive\Documents\a.python\registration-stats\getdata\input\PA\reg\230724_currentvotestats.xls
[83/94] 20230823122411: downloading...
  Existing file preserved as dup1_230724_currentvotestats.xls
  Saved C:\Users\bdavi\OneDrive\Documents\a.python\registration-stats\getdata\input\PA\reg\230724_currentvotestats.xls
[84/94] 20231002112009: downloading...
  Request failed; retrying in 2 seconds...
  Existing file preserved as dup2_230724_currentvotestats.xls
  Saved C:\Users\bdavi\OneDrive\Documents\a.python\registration-stats\getdata\input\PA\reg\230724_currentvotestats.xls
[85/94] 20231210202433: downloading...
  Saved C:\Users\bdavi\OneDrive\Documents\a.python\registration-stats\getdata\input\PA\reg\231204_currentvotestats.xls
[86/94] 20240108002508: downloading...
  Request failed; retrying in 2 seconds...
  Request failed; retrying in 4 seconds...
  Saved C:\Users\bdavi\OneDrive\Documents\a.python\registration-stats\getdata\input\PA\reg\240102_currentvotestats.xls
[87/94] 20240119023916: downloading...
  Saved C:\Users\bdavi\OneDrive\Documents\a.python\registration-stats\getdata\input\PA\reg\240116_currentvotestats.xls
[88/94] 20240204102756: downloading...
  Saved C:\Users\bdavi\OneDrive\Documents\a.python\registration-stats\getdata\input\PA\reg\240129_currentvotestats.xls
[89/94] 20240211002621: downloading...
  Saved C:\Users\bdavi\OneDrive\Documents\a.python\registration-stats\getdata\input\PA\reg\240205_currentvotestats.xls
[90/94] 20240407154315: downloading...
  Saved C:\Users\bdavi\OneDrive\Documents\a.python\registration-stats\getdata\input\PA\reg\240401_currentvotestats.xls
[91/94] 20240415122943: downloading...
  Existing file preserved as dup1_240401_currentvotestats.xls
  Saved C:\Users\bdavi\OneDrive\Documents\a.python\registration-stats\getdata\input\PA\reg\240401_currentvotestats.xls
[92/94] 20240506084206: downloading...
  Saved C:\Users\bdavi\OneDrive\Documents\a.python\registration-stats\getdata\input\PA\reg\240429_currentvotestats.xls
[93/94] 20240608092417: downloading...
  Request failed; retrying in 2 seconds...
  Saved C:\Users\bdavi\OneDrive\Documents\a.python\registration-stats\getdata\input\PA\reg\240603_currentvotestats.xls
[94/94] 20240613053822: downloading...
  Saved C:\Users\bdavi\OneDrive\Documents\a.python\registration-stats\getdata\input\PA\reg\240610_currentvotestats.xls

Querying captures from 2024 onward for:
  https://www.pa.gov/content/dam/copapwp-pagov/en/dos/resources/voting-and-elections/voting-and-election-statistics/currentvotestats.xls
Found 18 daily captures.
[1/18] 20240626063716: downloading...
  Saved C:\Users\bdavi\OneDrive\Documents\a.python\registration-stats\getdata\input\PA\reg\240624_currentvotestats.xls
[2/18] 20240808060708: downloading...
  Request failed; retrying in 2 seconds...
  Request failed; retrying in 4 seconds...
  Existing file preserved as dup1_240624_currentvotestats.xls
  Saved C:\Users\bdavi\OneDrive\Documents\a.python\registration-stats\getdata\input\PA\reg\240624_currentvotestats.xls
[3/18] 20241116163553: downloading...
  Request failed; retrying in 2 seconds...
  Saved C:\Users\bdavi\OneDrive\Documents\a.python\registration-stats\getdata\input\PA\reg\241111_currentvotestats.xls
[4/18] 20241130083222: downloading...
  Saved C:\Users\bdavi\OneDrive\Documents\a.python\registration-stats\getdata\input\PA\reg\241125_currentvotestats.xls
[5/18] 20241212205301: downloading...
  Saved C:\Users\bdavi\OneDrive\Documents\a.python\registration-stats\getdata\input\PA\reg\241209_currentvotestats.xls
[6/18] 20241224183327: downloading...
  Saved C:\Users\bdavi\OneDrive\Documents\a.python\registration-stats\getdata\input\PA\reg\241223_currentvotestats.xls
[7/18] 20250117210245: downloading...
  Saved C:\Users\bdavi\OneDrive\Documents\a.python\registration-stats\getdata\input\PA\reg\250203_currentvotestats.xls
[8/18] 20250208104521: downloading...
  Request failed; retrying in 2 seconds...
  Request failed; retrying in 4 seconds...
  Existing file preserved as dup1_250203_currentvotestats.xls
  Saved C:\Users\bdavi\OneDrive\Documents\a.python\registration-stats\getdata\input\PA\reg\250203_currentvotestats.xls
[9/18] 20250219032628: downloading...
  Request failed; retrying in 2 seconds...
  Saved C:\Users\bdavi\OneDrive\Documents\a.python\registration-stats\getdata\input\PA\reg\250303_currentvotestats.xls
[10/18] 20250306212303: downloading...
  Request failed; retrying in 2 seconds...
  Request failed; retrying in 4 seconds...
  Request failed; retrying in 8 seconds...
  Existing file preserved as dup1_250303_currentvotestats.xls
  Saved C:\Users\bdavi\OneDrive\Documents\a.python\registration-stats\getdata\input\PA\reg\250303_currentvotestats.xls
[11/18] 20250323131522: downloading...
  Saved C:\Users\bdavi\OneDrive\Documents\a.python\registration-stats\getdata\input\PA\reg\250317_currentvotestats.xls
[12/18] 20250418130659: downloading...
  Request failed; retrying in 2 seconds...
  Request failed; retrying in 4 seconds...
  Request failed; retrying in 8 seconds...
  Saved C:\Users\bdavi\OneDrive\Documents\a.python\registration-stats\getdata\input\PA\reg\250414_currentvotestats.xls
[13/18] 20250606190611: downloading...
  Saved C:\Users\bdavi\OneDrive\Documents\a.python\registration-stats\getdata\input\PA\reg\250602_currentvotestats.xls
[14/18] 20250716103907: downloading...
  Saved C:\Users\bdavi\OneDrive\Documents\a.python\registration-stats\getdata\input\PA\reg\250714_currentvotestats.xls
[15/18] 20250719132217: downloading...
  Request failed; retrying in 2 seconds...
  Existing file preserved as dup1_250714_currentvotestats.xls
  Saved C:\Users\bdavi\OneDrive\Documents\a.python\registration-stats\getdata\input\PA\reg\250714_currentvotestats.xls
[16/18] 20250903172707: downloading...
  Saved C:\Users\bdavi\OneDrive\Documents\a.python\registration-stats\getdata\input\PA\reg\250901_currentvotestats.xls
[17/18] 20251008202523: downloading...
  Saved C:\Users\bdavi\OneDrive\Documents\a.python\registration-stats\getdata\input\PA\reg\251006_currentvotestats.xls
[18/18] 20260101101829: downloading...
  Request failed; retrying in 2 seconds...
  Saved C:\Users\bdavi\OneDrive\Documents\a.python\registration-stats\getdata\input\PA\reg\251229_currentvotestats.xls

All available daily files were downloaded successfully.
